// Jest Snapshot v1, https://goo.gl/fbAQLP

exports[`ActionMenu renders consistently 1`] = `
.c0 {
  position: relative;
  display: inline-block;
  font-family: inherit;
  font-weight: 600;
  line-height: 20px;
  white-space: nowrap;
  vertical-align: middle;
  cursor: pointer;
  -webkit-user-select: none;
  -moz-user-select: none;
  -ms-user-select: none;
  user-select: none;
  border-radius: 6px;
  -webkit-appearance: none;
  -moz-appearance: none;
  appearance: none;
  -webkit-text-decoration: none;
  text-decoration: none;
  text-align: center;
  color: #24292f;
  background-color: #f6f8fa;
  border-width: 1px;
  border-style: solid;
  border-color: rgba(27,31,36,0.15);
  box-shadow: inset 0 1px 0 rgba(255,255,255,0.25);
  padding: 5px 16px;
  font-size: 14px;
}

.c0:hover {
  -webkit-text-decoration: none;
  text-decoration: none;
}

.c0:focus {
  outline: none;
}

.c0:disabled {
  cursor: default;
}

.c0:disabled svg {
  opacity: 0.6;
}

.c0:hover:not([disabled]) {
  background-color: #f3f4f6;
}

.c0:focus:not([disabled]) {
  box-shadow: 0 0 0 3px rgba(9,105,218,0.3);
}

.c0:active:not([disabled]) {
  background-color: hsla(220,14%,94%,1);
  box-shadow: inset 0 0.15em 0.3em rgba(27,31,36,0.15);
}

.c0:disabled {
  color: #8c959f;
  background-color: null;
}

<button
  aria-haspopup="true"
  aria-label="menu"
  aria-labelledby="react-aria-1"
  className="c0"
  id="react-aria-1"
  onClick={[Function]}
  onKeyDown={[Function]}
  size="medium"
  tabIndex={0}
/>
`;
