// Jest Snapshot v1, https://goo.gl/fbAQLP

exports[`Dropdown renders consistently 1`] = `
.c0 {
  position: relative;
  display: inline-block;
}

.c0 > summary {
  list-style: none;
}

.c0 > summary::-webkit-details-marker {
  display: none;
}

<details
  className="c0"
  onToggle={[Function]}
>
  Hello!
</details>
`;

exports[`Dropdown.Button renders consistently 1`] = `
.c1 {
  display: inline-block;
  padding-left: 16px;
}

.c0 {
  position: relative;
  display: inline-block;
  font-family: inherit;
  font-weight: 600;
  line-height: 20px;
  white-space: nowrap;
  vertical-align: middle;
  cursor: pointer;
  -webkit-user-select: none;
  -moz-user-select: none;
  -ms-user-select: none;
  user-select: none;
  border-radius: 6px;
  -webkit-appearance: none;
  -moz-appearance: none;
  appearance: none;
  -webkit-text-decoration: none;
  text-decoration: none;
  text-align: center;
  color: #24292f;
  background-color: #f6f8fa;
  border-width: 1px;
  border-style: solid;
  border-color: rgba(27,31,36,0.15);
  box-shadow: inset 0 1px 0 rgba(255,255,255,0.25);
  padding: 5px 16px;
  font-size: 14px;
}

.c0:hover {
  -webkit-text-decoration: none;
  text-decoration: none;
}

.c0:focus {
  outline: none;
}

.c0:disabled {
  cursor: default;
}

.c0:disabled svg {
  opacity: 0.6;
}

.c0:hover:not([disabled]) {
  background-color: #f3f4f6;
}

.c0:focus:not([disabled]) {
  box-shadow: 0 0 0 3px rgba(9,105,218,0.3);
}

.c0:active:not([disabled]) {
  background-color: hsla(220,14%,94%,1);
  box-shadow: inset 0 0.15em 0.3em rgba(27,31,36,0.15);
}

.c0:disabled {
  color: #8c959f;
  background-color: null;
}

<summary
  aria-haspopup="true"
  className="c0"
  size="medium"
>
  Hello!
  <div
    aria-hidden={true}
    className="c1"
  >
    <svg
      aria-hidden="true"
      className="octicon octicon-triangle-down"
      dangerouslySetInnerHTML={
        Object {
          "__html": "<path d=\\"M11.646 15.146L5.854 9.354a.5.5 0 01.353-.854h11.586a.5.5 0 01.353.854l-5.793 5.792a.5.5 0 01-.707 0z\\"></path>",
        }
      }
      fill="currentColor"
      height={32}
      role="img"
      style={
        Object {
          "display": "inline-block",
          "userSelect": "none",
          "verticalAlign": "text-bottom",
        }
      }
      viewBox="0 0 24 24"
      width={32}
    />
  </div>
</summary>
`;

exports[`Dropdown.Caret renders consistently 1`] = `
.c0 {
  border: 4px solid transparent;
  margin-left: 12px;
  border-top-color: currentcolor;
  border-bottom-width: 0;
  content: '';
  display: inline-block;
  height: 0;
  vertical-align: middle;
  width: 0;
}

<div
  className="c0"
/>
`;

exports[`Dropdown.Item renders consistently 1`] = `
.c0 {
  display: block;
  padding: 4px 10px 4px 15px;
  overflow: hidden;
  color: #24292f;
  text-overflow: ellipsis;
  white-space: nowrap;
}

.c0 a {
  color: #24292f;
  -webkit-text-decoration: none;
  text-decoration: none;
  display: block;
  overflow: hidden;
  color: #24292f;
  text-overflow: ellipsis;
  white-space: nowrap;
}

.c0:focus,
.c0 a:focus {
  color: #ffffff;
  -webkit-text-decoration: none;
  text-decoration: none;
  background-color: #0969da;
}

.c0:hover,
.c0:hover a {
  color: #ffffff;
  -webkit-text-decoration: none;
  text-decoration: none;
  background-color: #0969da;
  outline: none;
}

<li
  className="c0"
>
  Hello!
</li>
`;

exports[`Dropdown.Menu renders consistently 1`] = `
.c0 {
  background-clip: padding-box;
  background-color: #ffffff;
  border: 1px solid #d0d7de;
  border-radius: 6px;
  box-shadow: 0 8px 24px rgba(140,149,159,0.2);
  left: 0;
  list-style: none;
  margin-top: 2px;
  padding: 5px 0 5px 0 !important;
  position: absolute;
  top: 100%;
  width: 160px;
  z-index: 100;
  right: 0;
  left: auto;
}

.c0::before {
  position: absolute;
  display: inline-block;
  content: '';
}

.c0::after {
  position: absolute;
  display: inline-block;
  content: '';
}

.c0::before {
  border: 8px solid transparent;
  border-bottom-color: #ffffff;
}

.c0::after {
  border: 7px solid transparent;
  border-bottom-color: #ffffff;
}

.c0 > ul {
  list-style: none;
}

.c0::before {
  top: -16px;
  right: 9px;
  left: auto;
}

.c0::after {
  top: -14px;
  right: 10px;
  left: auto;
}

<ul
  className="c0"
  direction="sw"
>
  <li>
    1
  </li>
  <li>
    2
  </li>
  <li>
    3
  </li>
</ul>
`;
